{ "a": 1, "b": "two", "c": false }
{ "a": 2, "b": "two", "c": false }
{ "a": 3, "b": "two", "c": false }
{ "a": 3, "b": "two", "c": true }
{ "a": 4, "b": "two", "c": false }
{ "a": 5, "b": "two", "c": false }
{ "a": 6, "b": "two", "c": false }
{ "a": 7, "b": "two", "c": false }
{ "a": 8, "b": "two", "c": false }
{ "a": 9, "b": "two", "c": false }
{ "a": 10, "b": "two", "c": false }
{ "a": 11, "b": "two", "c": false }
{ "a": 12, "b": "two", "c": false }
{ "a": 1, "b": "two", "c": false }
{ "a": 1, "b": "two", "c": false }
{ "a": 1, "b": "two", "c": false }
{ "a": 1, "b": "two", "c": false }
{ "a": 1, "b": "two", "c": false }
{ "a": 1, "b": "two", "c": false }
{ "a": 1, "b": "two", "c": false }
{ "a": 1, "b": "two", "c": false }
{ "a": 1, "b": "two", "c": false }
{ "a": 1, "b": "two", "c": false }
{ "a": 1, "b": "two", "c": false }
{ "a": 1, "b": "two", "c": false }
{ "a": 1, "b": "two", "c": false }
{ "a": 1, "b": "two", "c": false }
{ "a": 1, "b": "two", "c": false }
{ "a": 1, "b": "two", "c": false }
{ "a": 1, "b": "two", "c": false }
{ "a": 1, "b": "two", "c": false }
{ "a": 1, "b": "two", "c": false }
{ "a": 1, "b": "two", "c": false }
{ "a": 1, "b": "two", "c": false }
{ "a": 1, "b": "two", "c": false }
{ "a": 1, "b": "two", "c": false }
{ "a": 1, "b": "two", "c": false }
{ "a": 1, "b": "two", "c": false }
{ "a": 1, "b": "two", "c": false }
{ "a": 1, "b": "two", "c": false }
{ "a": 1, "b": "two", "c": false }
{ "a": 1, "b": "three", "c": false }
{ "a": 1, "b": "two", "c": false }
{ "a": 1, "b": "two", "c": false }
{ "a": 1, "b": "two", "c": false }
{ "a": 1, "b": "two", "c": false }
{ "a": 1, "b": "two", "c": false }
{ "a": 1, "b": "two", "c": false }
